// Jest Snapshot v1, https://goo.gl/fbAQLP

exports[`InpageNavigation 컴포넌트 렌더링 1`] = `
<section
  className="dropdown"
>
  <svg
    className="dropdownIcon"
    fill="currentColor"
    height="2em"
    onClick={[Function]}
    stroke="currentColor"
    strokeWidth="0"
    style={
      Object {
        "color": undefined,
      }
    }
    viewBox="0 0 16 16"
    width="2em"
    xmlns="http://www.w3.org/2000/svg"
  >
    <path
      d="M3 9.5a1.5 1.5 0 1 1 0-3 1.5 1.5 0 0 1 0 3zm5 0a1.5 1.5 0 1 1 0-3 1.5 1.5 0 0 1 0 3zm5 0a1.5 1.5 0 1 1 0-3 1.5 1.5 0 0 1 0 3z"
    />
  </svg>
</section>
`;
